Component: ARM Compiler 5.05 update 1 (build 106) Tool: armlink [4d0efa]

==============================================================================

Section Cross References

    main.o(.text) refers to init.o(.text) for All_Init
    main.o(.text) refers to scheduler.o(.text) for Duty_Loop
    main.o(.text) refers to main.o(.data) for Init_Finish
    stm32f4xx_it.o(.text) refers to time.o(.text) for sys_time
    stm32f4xx_it.o(.text) refers to pwm_in.o(.text) for _TIM3_IRQHandler
    stm32f4xx_it.o(.text) refers to usart.o(.text) for Usart2_IRQ
    stm32f4xx_it.o(.text) refers to time.o(.data) for sysTickUptime
    scheduler.o(.text) refers to time.o(.text) for Get_Cycle_T
    scheduler.o(.text) refers to data_transfer.o(.text) for ANO_DT_Data_Exchange
    scheduler.o(.text) refers to mpu6050.o(.text) for MPU6050_Read
    scheduler.o(.text) refers to imu.o(.text) for IMUupdate
    scheduler.o(.text) refers to ctrl.o(.text) for CTRL_1
    scheduler.o(.text) refers to rc.o(.text) for RC_Duty
    scheduler.o(.text) refers to ak8975.o(.text) for ANO_AK8975_Read
    scheduler.o(.text) refers to parameter.o(.text) for Parameter_Save
    scheduler.o(.text) refers to ultrasonic.o(.text) for Ultra_Duty
    scheduler.o(.text) refers to scheduler.o(.bss) for loop
    scheduler.o(.text) refers to mpu6050.o(.bss) for mpu6050
    scheduler.o(.text) refers to imu.o(.data) for Yaw
    scheduler.o(.text) refers to pwm_in.o(.bss) for Rc_Pwm_In
    scheduler.o(.text) refers to time.o(.data) for time_1ms
    scheduler.o(.text) refers to scheduler.o(.data) for loop_cnt
    init.o(.text) refers to misc.o(.text) for NVIC_PriorityGroupConfig
    init.o(.text) refers to time.o(.text) for SysTick_Configuration
    init.o(.text) refers to i2c_soft.o(.text) for I2c_Soft_Init
    init.o(.text) refers to pwm_in.o(.text) for PWM_IN_Init
    init.o(.text) refers to pwm_out.o(.text) for PWM_Out_Init
    init.o(.text) refers to mpu6050.o(.text) for MPU6050_Init
    init.o(.text) refers to led.o(.text) for LED_Init
    init.o(.text) refers to usart.o(.text) for Usart2_Init
    init.o(.text) refers to parameter.o(.text) for Para_Init
    init.o(.text) refers to ultrasonic.o(.text) for Ultrasonic_Init
    init.o(.text) refers to ak8975.o(.text) for ANO_AK8975_Run
    init.o(.text) refers to ak8975.o(.data) for ak8975_ok
    parameter.o(.text) refers to ff.o(.text) for f_mount
    parameter.o(.text) refers to ctrl.o(.text) for Ctrl_Para_Init
    parameter.o(.text) refers to height_ctrl.o(.text) for h_pid_init
    parameter.o(.text) refers to parameter.o(.bss) for fs
    parameter.o(.text) refers to mpu6050.o(.bss) for mpu6050
    parameter.o(.text) refers to ak8975.o(.data) for ak8975
    parameter.o(.text) refers to ctrl.o(.bss) for ctrl_1
    parameter.o(.text) refers to bsp_flash.o(.text) for BSP_FLASH_Read
    parameter.o(.text) refers to stm32f4xx_gpio.o(.text) for GPIO_SetBits
    parameter.o(.text) refers to parameter.o(.data) for ParaSavedFlag
    parameter.o(.text) refers to data_transfer.o(.data) for flash_save_en_cnt
    parameter.o(.text) refers to rc.o(.data) for fly_ready
    ctrl.o(.text) refers to mymath.o(.text) for my_deathzoom
    ctrl.o(.text) refers to f2d.o(.text) for __aeabi_f2d
    ctrl.o(.text) refers to dmul.o(.text) for __aeabi_dmul
    ctrl.o(.text) refers to dadd.o(.text) for __aeabi_dadd
    ctrl.o(.text) refers to d2f.o(.text) for __aeabi_d2f
    ctrl.o(.text) refers to ctrl.o(.bss) for ctrl_1
    ctrl.o(.text) refers to rc.o(.bss) for CH_filter
    ctrl.o(.text) refers to ctrl.o(.data) for Thr_Low
    ctrl.o(.text) refers to imu.o(.data) for Yaw
    ctrl.o(.text) refers to rc.o(.data) for fly_ready
    ctrl.o(.text) refers to pwm_out.o(.text) for SetPwm
    ctrl.o(.text) refers to height_ctrl.o(.text) for Height_Ctrl
    ctrl.o(.text) refers to mpu6050.o(.bss) for mpu6050
    imu.o(.text) refers to mymath.o(.text) for my_sqrt
    imu.o(.text) refers to filter.o(.text) for simple_3d_trans
    imu.o(.text) refers to ak8975.o(.data) for ak8975
    imu.o(.text) refers to imu.o(.data) for mag_norm_xyz
    imu.o(.text) refers to imu.o(.bss) for mag_tmp
    imu.o(.text) refers to rc.o(.data) for fly_ready
    imu.o(.text) refers to f2d.o(.text) for __aeabi_f2d
    imu.o(.text) refers to asin.o(i.__hardfp_asin) for __hardfp_asin
    imu.o(.text) refers to dmul.o(.text) for __aeabi_dmul
    imu.o(.text) refers to d2f.o(.text) for __aeabi_d2f
    mymath.o(.text) refers to cdcmple.o(.text) for __aeabi_cdcmple
    mymath.o(.text) refers to dmul.o(.text) for __aeabi_dmul
    mymath.o(.text) refers to dadd.o(.text) for __aeabi_dadd
    mymath.o(.text) refers to cdrcmple.o(.text) for __aeabi_cdrcmple
    mymath.o(.text) refers to dflti.o(.text) for __aeabi_i2d
    mymath.o(.text) refers to d2f.o(.text) for __aeabi_d2f
    mymath.o(.text) refers to mymath.o(.data) for fast_atan_table
[...]
    MPU6050_Data_Prepare                     0x080080ad   Thumb Code  1176  mpu6050.o(.text)
    ANO_AK8975_Run                           0x08008555   Thumb Code    22  ak8975.o(.text)
    XYZ_STRUCT_COPY                          0x0800856b   Thumb Code    40  ak8975.o(.text)
    ANO_AK8975_CalOffset_Mag                 0x08008593   Thumb Code   760  ak8975.o(.text)
    ANO_AK8975_Read_Mag_Data                 0x0800888b   Thumb Code   274  ak8975.o(.text)
    ANO_AK8975_Get_Mag                       0x0800899d   Thumb Code    16  ak8975.o(.text)
    ANO_AK8975_Read                          0x080089ad   Thumb Code     8  ak8975.o(.text)
    LED_Init                                 0x080089b9   Thumb Code    60  led.o(.text)
    double_flash                             0x080089f5   Thumb Code   102  led.o(.text)
    aircraft_mode_led                        0x08008a5b   Thumb Code    44  led.o(.text)
    LED_1ms_DRV                              0x08008a87   Thumb Code   180  led.o(.text)
    led_breath                               0x08008b3b   Thumb Code   288  led.o(.text)
    led_flash                                0x08008c5b   Thumb Code   206  led.o(.text)
    led_cnt_restar                           0x08008d29   Thumb Code    42  led.o(.text)
    led_cnt_res_check                        0x08008d53   Thumb Code    28  led.o(.text)
    LED_Duty                                 0x08008d6f   Thumb Code    20  led.o(.text)
    LED_MPU_Err                              0x08008d83   Thumb Code    46  led.o(.text)
    LED_Mag_Err                              0x08008db1   Thumb Code   120  led.o(.text)
    LED_MS5611_Err                           0x08008e29   Thumb Code    96  led.o(.text)
    Usart2_Init                              0x08008e8d   Thumb Code   230  usart.o(.text)
    Usart2_IRQ                               0x08008f73   Thumb Code   120  usart.o(.text)
    Usart2_Send                              0x08008feb   Thumb Code    62  usart.o(.text)
    Uart5_Init                               0x08009029   Thumb Code   206  usart.o(.text)
    Uart5_IRQ                                0x080090f7   Thumb Code    94  usart.o(.text)
    Uart5_Send                               0x08009155   Thumb Code    60  usart.o(.text)
    Usart1_Init                              0x08009191   Thumb Code   234  usart.o(.text)
    USART1_IRQHandler                        0x0800927b   Thumb Code   164  usart.o(.text)
    Usart1_Send                              0x0800931f   Thumb Code    60  usart.o(.text)
    Usart3_Init                              0x0800935b   Thumb Code   234  usart.o(.text)
    Usart3_IRQ                               0x08009445   Thumb Code   120  usart.o(.text)
    Usart3_Send                              0x080094bd   Thumb Code    62  usart.o(.text)
    usbd_stm32_delay                         0x08009521   Thumb Code    40  usbd_stm32f4xx_fs.o(.text)
    USBD_IntrEna                             0x08009549   Thumb Code    26  usbd_stm32f4xx_fs.o(.text)
    USBD_Init                                0x08009563   Thumb Code   462  usbd_stm32f4xx_fs.o(.text)
    USBD_Connect                             0x08009731   Thumb Code    62  usbd_stm32f4xx_fs.o(.text)
    USBD_SetAddress                          0x0800976f   Thumb Code    24  usbd_stm32f4xx_fs.o(.text)
    USBD_Reset                               0x08009787   Thumb Code   192  usbd_stm32f4xx_fs.o(.text)
    USBD_Suspend                             0x08009847   Thumb Code     2  usbd_stm32f4xx_fs.o(.text)
    USBD_Resume                              0x08009849   Thumb Code     2  usbd_stm32f4xx_fs.o(.text)
    USBD_WakeUp                              0x0800984b   Thumb Code    34  usbd_stm32f4xx_fs.o(.text)
    USBD_WakeUpCfg                           0x0800986d   Thumb Code     2  usbd_stm32f4xx_fs.o(.text)
    USBD_Configure                           0x080098ab   Thumb Code    14  usbd_stm32f4xx_fs.o(.text)
    USBD_ConfigEP                            0x080098b9   Thumb Code   250  usbd_stm32f4xx_fs.o(.text)
    USBD_DirCtrlEP                           0x080099b3   Thumb Code     2  usbd_stm32f4xx_fs.o(.text)
    USBD_EnableEP                            0x080099b5   Thumb Code   200  usbd_stm32f4xx_fs.o(.text)
    USBD_DisableEP                           0x08009a7d   Thumb Code   418  usbd_stm32f4xx_fs.o(.text)
    USBD_GetFrame                            0x08009c1f   Thumb Code    12  usbd_stm32f4xx_fs.o(.text)
    USBD_ResetEP                             0x08009c2b   Thumb Code   206  usbd_stm32f4xx_fs.o(.text)
    USBD_SetStallEP                          0x08009cf9   Thumb Code   268  usbd_stm32f4xx_fs.o(.text)
    USBD_ClrStallEP                          0x08009e05   Thumb Code   186  usbd_stm32f4xx_fs.o(.text)
    USBD_ClearEPBuf                          0x08009ebf   Thumb Code    70  usbd_stm32f4xx_fs.o(.text)
    USBD_ReadEP                              0x08009f05   Thumb Code   200  usbd_stm32f4xx_fs.o(.text)
    USBD_WriteEP                             0x08009fcd   Thumb Code   368  usbd_stm32f4xx_fs.o(.text)
    OTG_FS_IRQHandler                        0x0800a13d   Thumb Code  1660  usbd_stm32f4xx_fs.o(.text)
    Flash_Init                               0x0800a8a5   Thumb Code   370  drv_w25qxx.o(.text)
    Flash_SectorErase                        0x0800aa85   Thumb Code    66  drv_w25qxx.o(.text)
    Flash_PageWrite                          0x0800aac7   Thumb Code    84  drv_w25qxx.o(.text)
    Flash_PageRead                           0x0800ab1b   Thumb Code    78  drv_w25qxx.o(.text)
    Flash_SectorsRead                        0x0800ab69   Thumb Code    52  drv_w25qxx.o(.text)
    Flash_SectorsWrite                       0x0800ab9d   Thumb Code   118  drv_w25qxx.o(.text)
    Flash_GetInfo                            0x0800ac13   Thumb Code     4  drv_w25qxx.o(.text)
    Ultrasonic_Init                          0x0800ac1d   Thumb Code    12  ultrasonic.o(.text)
    Ultra_Duty                               0x0800ac29   Thumb Code    88  ultrasonic.o(.text)
    Ultra_Get                                0x0800ac81   Thumb Code   140  ultrasonic.o(.text)
    BSP_FLASH_GetFlashSector                 0x0800ad2b   Thumb Code   116  bsp_flash.o(.text)
    BSP_FLASH_Write                          0x0800ad9f   Thumb Code   168  bsp_flash.o(.text)
    BSP_FLASH_Read                           0x0800ae47   Thumb Code    34  bsp_flash.o(.text)
    NVIC_PriorityGroupConfig                 0x0800ae99   Thumb Code    54  misc.o(.text)
    NVIC_Init                                0x0800aecf   Thumb Code   164  misc.o(.text)
    NVIC_SetVectorTable                      0x0800af73   Thumb Code    60  misc.o(.text)
    NVIC_SystemLPConfig                      0x0800afaf   Thumb Code    78  misc.o(.text)
    SysTick_CLKSourceConfig                  0x0800affd   Thumb Code    62  misc.o(.text)
    FLASH_SetLatency                         0x0800b085   Thumb Code    50  stm32f4xx_flash.o(.text)
    FLASH_PrefetchBufferCmd                  0x0800b0b7   Thumb Code    50  stm32f4xx_flash.o(.text)
    FLASH_InstructionCacheCmd                0x0800b0e9   Thumb Code    50  stm32f4xx_flash.o(.text)
    FLASH_DataCacheCmd                       0x0800b11b   Thumb Code    50  stm32f4xx_flash.o(.text)
    FLASH_InstructionCacheReset              0x0800b14d   Thumb Code    14  stm32f4xx_flash.o(.text)
    FLASH_DataCacheReset                     0x0800b15b   Thumb Code    14  stm32f4xx_flash.o(.text)
    FLASH_Unlock                             0x0800b169   Thumb Code    26  stm32f4xx_flash.o(.text)
    FLASH_Lock                               0x0800b183   Thumb Code    18  stm32f4xx_flash.o(.text)
    FLASH_GetStatus                          0x0800b195   Thumb Code    74  stm32f4xx_flash.o(.text)
    FLASH_WaitForLastOperation               0x0800b1df   Thumb Code    34  stm32f4xx_flash.o(.text)
    FLASH_EraseSector                        0x0800b201   Thumb Code   230  stm32f4xx_flash.o(.text)
    FLASH_EraseAllSectors                    0x0800b2e7   Thumb Code   140  stm32f4xx_flash.o(.text)
    FLASH_ProgramDoubleWord                  0x0800b373   Thumb Code   126  stm32f4xx_flash.o(.text)
    FLASH_ProgramWord                        0x0800b3f1   Thumb Code   204  stm32f4xx_flash.o(.text)
    FLASH_ProgramHalfWord                    0x0800b4bd   Thumb Code   112  stm32f4xx_flash.o(.text)
    FLASH_ProgramByte                        0x0800b52d   Thumb Code   108  stm32f4xx_flash.o(.text)
    FLASH_OB_Unlock                          0x0800b599   Thumb Code    26  stm32f4xx_flash.o(.text)
    FLASH_OB_Lock                            0x0800b5b3   Thumb Code    18  stm32f4xx_flash.o(.text)
    FLASH_OB_WRPConfig                       0x0800b5c5   Thumb Code    96  stm32f4xx_flash.o(.text)
    FLASH_OB_RDPConfig                       0x0800b625   Thumb Code    46  stm32f4xx_flash.o(.text)
    FLASH_OB_UserConfig                      0x0800b653   Thumb Code   116  stm32f4xx_flash.o(.text)
    FLASH_OB_BORConfig                       0x0800b6c7   Thumb Code    58  stm32f4xx_flash.o(.text)
    FLASH_OB_Launch                          0x0800b701   Thumb Code    30  stm32f4xx_flash.o(.text)
    FLASH_OB_GetUser                         0x0800b71f   Thumb Code    12  stm32f4xx_flash.o(.text)
    FLASH_OB_GetWRP                          0x0800b72b   Thumb Code     8  stm32f4xx_flash.o(.text)
    FLASH_OB_GetRDP                          0x0800b733   Thumb Code    20  stm32f4xx_flash.o(.text)
    FLASH_OB_GetBOR                          0x0800b747   Thumb Code    12  stm32f4xx_flash.o(.text)
    FLASH_ITConfig                           0x0800b753   Thumb Code    74  stm32f4xx_flash.o(.text)
    FLASH_GetFlagStatus                      0x0800b79d   Thumb Code    70  stm32f4xx_flash.o(.text)
    FLASH_ClearFlag                          0x0800b7e3   Thumb Code    34  stm32f4xx_flash.o(.text)
    GPIO_DeInit                              0x0800b81d   Thumb Code   284  stm32f4xx_gpio.o(.text)
    GPIO_Init                                0x0800b939   Thumb Code   342  stm32f4xx_gpio.o(.text)
    GPIO_StructInit                          0x0800ba8f   Thumb Code    18  stm32f4xx_gpio.o(.text)
    GPIO_PinLockConfig                       0x0800baa1   Thumb Code   122  stm32f4xx_gpio.o(.text)
    GPIO_ReadInputDataBit                    0x0800bb1b   Thumb Code   182  stm32f4xx_gpio.o(.text)
    GPIO_ReadInputData                       0x0800bbd1   Thumb Code   174  stm32f4xx_gpio.o(.text)
    GPIO_ReadOutputDataBit                   0x0800bc7f   Thumb Code   186  stm32f4xx_gpio.o(.text)
    GPIO_ReadOutputData                      0x0800bd39   Thumb Code    78  stm32f4xx_gpio.o(.text)
    GPIO_SetBits                             0x0800bd87   Thumb Code    98  stm32f4xx_gpio.o(.text)
    GPIO_ResetBits                           0x0800bde9   Thumb Code    98  stm32f4xx_gpio.o(.text)
    GPIO_WriteBit                            0x0800be4b   Thumb Code   200  stm32f4xx_gpio.o(.text)
    GPIO_Write                               0x0800bf13   Thumb Code    78  stm32f4xx_gpio.o(.text)
    GPIO_ToggleBits                          0x0800bf61   Thumb Code    82  stm32f4xx_gpio.o(.text)
    GPIO_PinAFConfig                         0x0800bfb3   Thumb Code   384  stm32f4xx_gpio.o(.text)
    RCC_DeInit                               0x0800c135   Thumb Code    60  stm32f4xx_rcc.o(.text)
    RCC_HSEConfig                            0x0800c171   Thumb Code    38  stm32f4xx_rcc.o(.text)
    RCC_GetFlagStatus                        0x0800c197   Thumb Code   130  stm32f4xx_rcc.o(.text)
    RCC_WaitForHSEStartUp                    0x0800c219   Thumb Code    56  stm32f4xx_rcc.o(.text)
    RCC_AdjustHSICalibrationValue            0x0800c251   Thumb Code    38  stm32f4xx_rcc.o(.text)
    RCC_HSICmd                               0x0800c277   Thumb Code    28  stm32f4xx_rcc.o(.text)
    RCC_LSEConfig                            0x0800c293   Thumb Code    72  stm32f4xx_rcc.o(.text)
    RCC_LSICmd                               0x0800c2db   Thumb Code    28  stm32f4xx_rcc.o(.text)
    RCC_PLLConfig                            0x0800c2f7   Thumb Code   156  stm32f4xx_rcc.o(.text)
    RCC_PLLCmd                               0x0800c393   Thumb Code    28  stm32f4xx_rcc.o(.text)
    RCC_PLLI2SConfig                         0x0800c3af   Thumb Code    62  stm32f4xx_rcc.o(.text)
    RCC_PLLI2SCmd                            0x0800c3ed   Thumb Code    28  stm32f4xx_rcc.o(.text)
    RCC_ClockSecuritySystemCmd               0x0800c409   Thumb Code    28  stm32f4xx_rcc.o(.text)
    RCC_MCO1Config                           0x0800c425   Thumb Code   102  stm32f4xx_rcc.o(.text)
    RCC_MCO2Config                           0x0800c48b   Thumb Code   102  stm32f4xx_rcc.o(.text)
    RCC_SYSCLKConfig                         0x0800c4f1   Thumb Code   124  stm32f4xx_rcc.o(.text)
    RCC_GetSYSCLKSource                      0x0800c56d   Thumb Code    10  stm32f4xx_rcc.o(.text)
    RCC_HCLKConfig                           0x0800c577   Thumb Code    68  stm32f4xx_rcc.o(.text)
    RCC_PCLK1Config                          0x0800c5bb   Thumb Code    60  stm32f4xx_rcc.o(.text)
    RCC_PCLK2Config                          0x0800c5f7   Thumb Code    62  stm32f4xx_rcc.o(.text)
    RCC_GetClocksFreq                        0x0800c635   Thumb Code   214  stm32f4xx_rcc.o(.text)
    RCC_RTCCLKConfig                         0x0800c70b   Thumb Code   262  stm32f4xx_rcc.o(.text)
    RCC_RTCCLKCmd                            0x0800c811   Thumb Code    30  stm32f4xx_rcc.o(.text)
    RCC_BackupResetCmd                       0x0800c82f   Thumb Code    32  stm32f4xx_rcc.o(.text)
    RCC_I2SCLKConfig                         0x0800c84f   Thumb Code    30  stm32f4xx_rcc.o(.text)
    RCC_AHB1PeriphClockCmd                   0x0800c86d   Thumb Code    82  stm32f4xx_rcc.o(.text)
    RCC_AHB2PeriphClockCmd                   0x0800c8bf   Thumb Code    82  stm32f4xx_rcc.o(.text)
    RCC_AHB3PeriphClockCmd                   0x0800c911   Thumb Code   232  stm32f4xx_rcc.o(.text)
    RCC_APB1PeriphClockCmd                   0x0800c9f9   Thumb Code    82  stm32f4xx_rcc.o(.text)
    RCC_APB2PeriphClockCmd                   0x0800ca4b   Thumb Code    82  stm32f4xx_rcc.o(.text)
    RCC_AHB1PeriphResetCmd                   0x0800ca9d   Thumb Code    82  stm32f4xx_rcc.o(.text)
    RCC_AHB2PeriphResetCmd                   0x0800caef   Thumb Code    82  stm32f4xx_rcc.o(.text)
    RCC_AHB3PeriphResetCmd                   0x0800cb41   Thumb Code    82  stm32f4xx_rcc.o(.text)
    RCC_APB1PeriphResetCmd                   0x0800cb93   Thumb Code    82  stm32f4xx_rcc.o(.text)
    RCC_APB2PeriphResetCmd                   0x0800cbe5   Thumb Code    82  stm32f4xx_rcc.o(.text)
    RCC_AHB1PeriphClockLPModeCmd             0x0800cc37   Thumb Code    82  stm32f4xx_rcc.o(.text)
    RCC_AHB2PeriphClockLPModeCmd             0x0800cc89   Thumb Code    82  stm32f4xx_rcc.o(.text)
    RCC_AHB3PeriphClockLPModeCmd             0x0800ccdb   Thumb Code    82  stm32f4xx_rcc.o(.text)
    RCC_APB1PeriphClockLPModeCmd             0x0800cd2d   Thumb Code    82  stm32f4xx_rcc.o(.text)
    RCC_APB2PeriphClockLPModeCmd             0x0800cd7f   Thumb Code   106  stm32f4xx_rcc.o(.text)
    RCC_ITConfig                             0x0800cde9   Thumb Code    74  stm32f4xx_rcc.o(.text)
    RCC_ClearFlag                            0x0800ce33   Thumb Code    18  stm32f4xx_rcc.o(.text)
    RCC_GetITStatus                          0x0800ce45   Thumb Code    68  stm32f4xx_rcc.o(.text)
    RCC_ClearITPendingBit                    0x0800ce89   Thumb Code    34  stm32f4xx_rcc.o(.text)
    SPI_I2S_DeInit                           0x0800ceb1   Thumb Code   104  stm32f4xx_spi.o(.text)
    SPI_Init                                 0x0800cf19   Thumb Code   348  stm32f4xx_spi.o(.text)
    I2S_Init                                 0x0800d075   Thumb Code   508  stm32f4xx_spi.o(.text)
    SPI_StructInit                           0x0800d271   Thumb Code    24  stm32f4xx_spi.o(.text)
    I2S_StructInit                           0x0800d289   Thumb Code   104  stm32f4xx_spi.o(.text)
    SPI_Cmd                                  0x0800d2f1   Thumb Code    82  stm32f4xx_spi.o(.text)
    I2S_Cmd                                  0x0800d343   Thumb Code    88  stm32f4xx_spi.o(.text)
    SPI_DataSizeConfig                       0x0800d39b   Thumb Code    78  stm32f4xx_spi.o(.text)
    SPI_BiDirectionalLineConfig              0x0800d3e9   Thumb Code    94  stm32f4xx_spi.o(.text)
    SPI_NSSInternalSoftwareConfig            0x0800d447   Thumb Code    96  stm32f4xx_spi.o(.text)
    SPI_SSOutputCmd                          0x0800d4a7   Thumb Code    82  stm32f4xx_spi.o(.text)
    SPI_TIModeCmd                            0x0800d4f9   Thumb Code    82  stm32f4xx_spi.o(.text)
    I2S_FullDuplexConfig                     0x0800d54b   Thumb Code   258  stm32f4xx_spi.o(.text)
    SPI_I2S_ReceiveData                      0x0800d64d   Thumb Code    52  stm32f4xx_spi.o(.text)
    SPI_I2S_SendData                         0x0800d681   Thumb Code    54  stm32f4xx_spi.o(.text)
    SPI_CalculateCRC                         0x0800d6b7   Thumb Code    98  stm32f4xx_spi.o(.text)
    SPI_TransmitCRC                          0x0800d719   Thumb Code    46  stm32f4xx_spi.o(.text)
    SPI_GetCRC                               0x0800d747   Thumb Code    74  stm32f4xx_spi.o(.text)
    SPI_GetCRCPolynomial                     0x0800d791   Thumb Code    40  stm32f4xx_spi.o(.text)
    SPI_I2S_DMACmd                           0x0800d7b9   Thumb Code   114  stm32f4xx_spi.o(.text)
    SPI_I2S_ITConfig                         0x0800d82b   Thumb Code   138  stm32f4xx_spi.o(.text)
    SPI_I2S_GetFlagStatus                    0x0800d8b5   Thumb Code   120  stm32f4xx_spi.o(.text)
    SPI_I2S_ClearFlag                        0x0800d92d   Thumb Code    74  stm32f4xx_spi.o(.text)
    SPI_I2S_GetITStatus                      0x0800d977   Thumb Code   154  stm32f4xx_spi.o(.text)
    SPI_I2S_ClearITPendingBit                0x0800da11   Thumb Code    86  stm32f4xx_spi.o(.text)
    TIM_DeInit                               0x0800da79   Thumb Code   440  stm32f4xx_tim.o(.text)
    TIM_TimeBaseInit                         0x0800dc31   Thumb Code   278  stm32f4xx_tim.o(.text)
    TIM_TimeBaseStructInit                   0x0800dd47   Thumb Code    18  stm32f4xx_tim.o(.text)
    TIM_PrescalerConfig                      0x0800dd59   Thumb Code   128  stm32f4xx_tim.o(.text)
    TIM_CounterModeConfig                    0x0800ddd9   Thumb Code   100  stm32f4xx_tim.o(.text)
    TIM_SetCounter                           0x0800de3d   Thumb Code   222  stm32f4xx_tim.o(.text)
    TIM_SetAutoreload                        0x0800df1b   Thumb Code   108  stm32f4xx_tim.o(.text)
    TIM_GetCounter                           0x0800df87   Thumb Code   106  stm32f4xx_tim.o(.text)
    TIM_GetPrescaler                         0x0800dff1   Thumb Code   106  stm32f4xx_tim.o(.text)
    TIM_UpdateDisableConfig                  0x0800e05b   Thumb Code   148  stm32f4xx_tim.o(.text)
    TIM_UpdateRequestConfig                  0x0800e0ef   Thumb Code   148  stm32f4xx_tim.o(.text)
    TIM_ARRPreloadConfig                     0x0800e183   Thumb Code   148  stm32f4xx_tim.o(.text)
    TIM_SelectOnePulseMode                   0x0800e217   Thumb Code   142  stm32f4xx_tim.o(.text)
    TIM_SetClockDivision                     0x0800e2a5   Thumb Code   192  stm32f4xx_tim.o(.text)
    TIM_Cmd                                  0x0800e365   Thumb Code   148  stm32f4xx_tim.o(.text)
    TIM_OC1Init                              0x0800e3f9   Thumb Code   416  stm32f4xx_tim.o(.text)
    TIM_OC2Init                              0x0800e599   Thumb Code   486  stm32f4xx_tim.o(.text)
    TIM_OC3Init                              0x0800e77f   Thumb Code   416  stm32f4xx_tim.o(.text)
    TIM_OC4Init                              0x0800e91f   Thumb Code   300  stm32f4xx_tim.o(.text)
    TIM_OCStructInit                         0x0800ea4b   Thumb Code    20  stm32f4xx_tim.o(.text)
    TIM_SelectOCxM                           0x0800ea5f   Thumb Code   256  stm32f4xx_tim.o(.text)
    TIM_SetCompare1                          0x0800eb5f   Thumb Code   142  stm32f4xx_tim.o(.text)
    TIM_SetCompare2                          0x0800ebed   Thumb Code    72  stm32f4xx_tim.o(.text)
    TIM_SetCompare3                          0x0800ec35   Thumb Code    60  stm32f4xx_tim.o(.text)
    TIM_SetCompare4                          0x0800ec71   Thumb Code    60  stm32f4xx_tim.o(.text)
    TIM_ForcedOC1Config                      0x0800ecad   Thumb Code   130  stm32f4xx_tim.o(.text)
    TIM_ForcedOC2Config                      0x0800ed2f   Thumb Code   114  stm32f4xx_tim.o(.text)
    TIM_ForcedOC3Config                      0x0800eda1   Thumb Code    94  stm32f4xx_tim.o(.text)
    TIM_ForcedOC4Config                      0x0800edff   Thumb Code   102  stm32f4xx_tim.o(.text)
    TIM_OC1PreloadConfig                     0x0800ee65   Thumb Code   124  stm32f4xx_tim.o(.text)
    TIM_OC2PreloadConfig                     0x0800eee1   Thumb Code   108  stm32f4xx_tim.o(.text)
    TIM_OC3PreloadConfig                     0x0800ef4d   Thumb Code   136  stm32f4xx_tim.o(.text)
    TIM_OC4PreloadConfig                     0x0800efd5   Thumb Code    96  stm32f4xx_tim.o(.text)
    TIM_OC1FastConfig                        0x0800f035   Thumb Code   124  stm32f4xx_tim.o(.text)
    TIM_OC2FastConfig                        0x0800f0b1   Thumb Code   108  stm32f4xx_tim.o(.text)
    TIM_OC3FastConfig                        0x0800f11d   Thumb Code    88  stm32f4xx_tim.o(.text)
    TIM_OC4FastConfig                        0x0800f175   Thumb Code    96  stm32f4xx_tim.o(.text)
    TIM_ClearOC1Ref                          0x0800f1d5   Thumb Code   124  stm32f4xx_tim.o(.text)
    TIM_ClearOC2Ref                          0x0800f251   Thumb Code   106  stm32f4xx_tim.o(.text)
    TIM_ClearOC3Ref                          0x0800f2bb   Thumb Code    88  stm32f4xx_tim.o(.text)
    TIM_ClearOC4Ref                          0x0800f313   Thumb Code    94  stm32f4xx_tim.o(.text)
    TIM_OC1PolarityConfig                    0x0800f371   Thumb Code   174  stm32f4xx_tim.o(.text)
    TIM_OC1NPolarityConfig                   0x0800f41f   Thumb Code    64  stm32f4xx_tim.o(.text)
    TIM_OC2PolarityConfig                    0x0800f45f   Thumb Code   108  stm32f4xx_tim.o(.text)
    TIM_OC2NPolarityConfig                   0x0800f4cb   Thumb Code    72  stm32f4xx_tim.o(.text)
    TIM_OC3PolarityConfig                    0x0800f513   Thumb Code    96  stm32f4xx_tim.o(.text)
    TIM_OC3NPolarityConfig                   0x0800f573   Thumb Code    72  stm32f4xx_tim.o(.text)
    TIM_OC4PolarityConfig                    0x0800f5bb   Thumb Code    96  stm32f4xx_tim.o(.text)
    TIM_CCxCmd                               0x0800f61b   Thumb Code   168  stm32f4xx_tim.o(.text)
    TIM_CCxNCmd                              0x0800f6c3   Thumb Code   104  stm32f4xx_tim.o(.text)
    TIM_SetIC4Prescaler                      0x0800f72b   Thumb Code   106  stm32f4xx_tim.o(.text)
    TIM_SetIC3Prescaler                      0x0800f815   Thumb Code    98  stm32f4xx_tim.o(.text)
    TIM_SetIC2Prescaler                      0x0800f8bf   Thumb Code   118  stm32f4xx_tim.o(.text)
    TIM_SetIC1Prescaler                      0x0800f985   Thumb Code   134  stm32f4xx_tim.o(.text)
    TIM_ICInit                               0x0800fa45   Thumb Code   508  stm32f4xx_tim.o(.text)
    TIM_ICStructInit                         0x0800fc41   Thumb Code    18  stm32f4xx_tim.o(.text)
    TIM_PWMIConfig                           0x0800fc53   Thumb Code   184  stm32f4xx_tim.o(.text)
    TIM_GetCapture1                          0x0800fd0b   Thumb Code    92  stm32f4xx_tim.o(.text)
    TIM_GetCapture2                          0x0800fd67   Thumb Code    68  stm32f4xx_tim.o(.text)
    TIM_GetCapture3                          0x0800fdab   Thumb Code    56  stm32f4xx_tim.o(.text)
    TIM_GetCapture4                          0x0800fde3   Thumb Code    56  stm32f4xx_tim.o(.text)
    TIM_BDTRConfig                           0x0800fe1b   Thumb Code   222  stm32f4xx_tim.o(.text)
    TIM_BDTRStructInit                       0x0800fef9   Thumb Code    18  stm32f4xx_tim.o(.text)
    TIM_CtrlPWMOutputs                       0x0800ff0b   Thumb Code    78  stm32f4xx_tim.o(.text)
    TIM_SelectCOM                            0x0800ff59   Thumb Code    72  stm32f4xx_tim.o(.text)
    TIM_CCPreloadControl                     0x0800ffa1   Thumb Code    72  stm32f4xx_tim.o(.text)
    TIM_ITConfig                             0x0800ffe9   Thumb Code   218  stm32f4xx_tim.o(.text)
    TIM_GenerateEvent                        0x080100c3   Thumb Code   126  stm32f4xx_tim.o(.text)
    TIM_GetFlagStatus                        0x08010141   Thumb Code   188  stm32f4xx_tim.o(.text)
    TIM_ClearFlag                            0x080101fd   Thumb Code   108  stm32f4xx_tim.o(.text)
    TIM_GetITStatus                          0x08010269   Thumb Code   186  stm32f4xx_tim.o(.text)
    TIM_ClearITPendingBit                    0x08010323   Thumb Code   108  stm32f4xx_tim.o(.text)
    TIM_DMAConfig                            0x0801038f   Thumb Code   334  stm32f4xx_tim.o(.text)
    TIM_DMACmd                               0x080104dd   Thumb Code   126  stm32f4xx_tim.o(.text)
    TIM_SelectCCDMA                          0x0801055b   Thumb Code    96  stm32f4xx_tim.o(.text)
    TIM_InternalClockConfig                  0x080105bb   Thumb Code    76  stm32f4xx_tim.o(.text)
    TIM_SelectInputTrigger                   0x08010607   Thumb Code   148  stm32f4xx_tim.o(.text)
    TIM_ITRxExternalClockConfig              0x0801069b   Thumb Code   110  stm32f4xx_tim.o(.text)
    TIM_TIxExternalClockConfig               0x08010709   Thumb Code   184  stm32f4xx_tim.o(.text)
    TIM_ETRConfig                            0x080107c1   Thumb Code   164  stm32f4xx_tim.o(.text)
    TIM_ETRClockMode1Config                  0x08010865   Thumb Code   228  stm32f4xx_tim.o(.text)
    TIM_ETRClockMode2Config                  0x08010949   Thumb Code   152  stm32f4xx_tim.o(.text)
    TIM_SelectOutputTrigger                  0x080109e1   Thumb Code   126  stm32f4xx_tim.o(.text)
    TIM_SelectSlaveMode                      0x08010a5f   Thumb Code   112  stm32f4xx_tim.o(.text)
    TIM_SelectMasterSlaveMode                0x08010acf   Thumb Code   102  stm32f4xx_tim.o(.text)
    TIM_EncoderInterfaceConfig               0x08010b35   Thumb Code   226  stm32f4xx_tim.o(.text)
    TIM_SelectHallSensor                     0x08010c17   Thumb Code   108  stm32f4xx_tim.o(.text)
    TIM_RemapConfig                          0x08010c83   Thumb Code   138  stm32f4xx_tim.o(.text)
    USART_DeInit                             0x08010d0d   Thumb Code   202  stm32f4xx_usart.o(.text)
    USART_Init                               0x08010dd7   Thumb Code   456  stm32f4xx_usart.o(.text)
    USART_StructInit                         0x08010f9f   Thumb Code    24  stm32f4xx_usart.o(.text)
    USART_ClockInit                          0x08010fb7   Thumb Code   166  stm32f4xx_usart.o(.text)
    USART_ClockStructInit                    0x0801105d   Thumb Code    12  stm32f4xx_usart.o(.text)
    USART_Cmd                                0x08011069   Thumb Code    96  stm32f4xx_usart.o(.text)
    USART_SetPrescaler                       0x080110c9   Thumb Code   160  stm32f4xx_usart.o(.text)
    USART_OverSampling8Cmd                   0x08011169   Thumb Code    98  stm32f4xx_usart.o(.text)
    USART_OneBitMethodCmd                    0x080111cb   Thumb Code   100  stm32f4xx_usart.o(.text)
    USART_SendData                           0x0801122f   Thumb Code    84  stm32f4xx_usart.o(.text)
    USART_ReceiveData                        0x08011283   Thumb Code    62  stm32f4xx_usart.o(.text)
    USART_SetAddress                         0x080112c1   Thumb Code    92  stm32f4xx_usart.o(.text)
    USART_ReceiverWakeUpCmd                  0x0801131d   Thumb Code   100  stm32f4xx_usart.o(.text)
    USART_WakeUpConfig                       0x08011381   Thumb Code    96  stm32f4xx_usart.o(.text)
    USART_LINBreakDetectLengthConfig         0x080113e1   Thumb Code    94  stm32f4xx_usart.o(.text)
    USART_LINCmd                             0x0801143f   Thumb Code   100  stm32f4xx_usart.o(.text)
    USART_SendBreak                          0x080114a3   Thumb Code    64  stm32f4xx_usart.o(.text)
    USART_HalfDuplexCmd                      0x080114e3   Thumb Code   100  stm32f4xx_usart.o(.text)
    USART_SetGuardTime                       0x08011547   Thumb Code    86  stm32f4xx_usart.o(.text)
    USART_SmartCardCmd                       0x0801159d   Thumb Code    88  stm32f4xx_usart.o(.text)
    USART_SmartCardNACKCmd                   0x080115f5   Thumb Code    88  stm32f4xx_usart.o(.text)
    USART_IrDAConfig                         0x0801164d   Thumb Code    94  stm32f4xx_usart.o(.text)
    USART_IrDACmd                            0x080116ab   Thumb Code   100  stm32f4xx_usart.o(.text)
    USART_DMACmd                             0x0801170f   Thumb Code   120  stm32f4xx_usart.o(.text)
    USART_ITConfig                           0x08011787   Thumb Code   268  stm32f4xx_usart.o(.text)
    USART_GetFlagStatus                      0x08011893   Thumb Code   176  stm32f4xx_usart.o(.text)
    USART_ClearFlag                          0x08011943   Thumb Code   160  stm32f4xx_usart.o(.text)
    USART_GetITStatus                        0x080119e3   Thumb Code   284  stm32f4xx_usart.o(.text)
    USART_ClearITPendingBit                  0x08011aff   Thumb Code   170  stm32f4xx_usart.o(.text)
    SystemInit                               0x08011c9d   Thumb Code    88  system_stm32f4xx.o(.text)
    SystemCoreClockUpdate                    0x08011cf5   Thumb Code   174  system_stm32f4xx.o(.text)
    Reset_Handler                            0x08011dd1   Thumb Code     8  startup_stm32f4xx.o(.text)
    HardFault_Handler                        0x08011ddb   Thumb Code     2  startup_stm32f4xx.o(.text)
    PendSV_Handler                           0x08011de7   Thumb Code     2  startup_stm32f4xx.o(.text)
    ADC_IRQHandler                           0x08011deb   Thumb Code     0  startup_stm32f4xx.o(.text)
    CAN1_RX0_IRQHandler                      0x08011deb   Thumb Code     0  startup_stm32f4xx.o(.text)
    CAN1_RX1_IRQHandler                      0x08011deb   Thumb Code     0  startup_stm32f4xx.o(.text)
    CAN1_SCE_IRQHandler                      0x08011deb   Thumb Code     0  startup_stm32f4xx.o(.text)
    CAN1_TX_IRQHandler                       0x08011deb   Thumb Code     0  startup_stm32f4xx.o(.text)
    CAN2_RX0_IRQHandler                      0x08011deb   Thumb Code     0  startup_stm32f4xx.o(.text)
    CAN2_RX1_IRQHandler                      0x08011deb   Thumb Code     0  startup_stm32f4xx.o(.text)
    CAN2_SCE_IRQHandler                      0x08011deb   Thumb Code     0  startup_stm32f4xx.o(.text)
    CAN2_TX_IRQHandler                       0x08011deb   Thumb Code     0  startup_stm32f4xx.o(.text)
    CRYP_IRQHandler                          0x08011deb   Thumb Code     0  startup_stm32f4xx.o(.text)
    DCMI_IRQHandler                          0x08011deb   Thumb Code     0  startup_stm32f4xx.o(.text)
    DMA1_Stream0_IRQHandler                  0x08011deb   Thumb Code     0  startup_stm32f4xx.o(.text)
    DMA1_Stream1_IRQHandler                  0x08011deb   Thumb Code     0  startup_stm32f4xx.o(.text)
    DMA1_Stream2_IRQHandler                  0x08011deb   Thumb Code     0  startup_stm32f4xx.o(.text)
    DMA1_Stream3_IRQHandler                  0x08011deb   Thumb Code     0  startup_stm32f4xx.o(.text)
    DMA1_Stream4_IRQHandler                  0x08011deb   Thumb Code     0  startup_stm32f4xx.o(.text)
    DMA1_Stream5_IRQHandler                  0x08011deb   Thumb Code     0  startup_stm32f4xx.o(.text)
    DMA1_Stream6_IRQHandler                  0x08011deb   Thumb Code     0  startup_stm32f4xx.o(.text)
    DMA1_Stream7_IRQHandler                  0x08011deb   Thumb Code     0  startup_stm32f4xx.o(.text)
    DMA2_Stream0_IRQHandler                  0x08011deb   Thumb Code     0  startup_stm32f4xx.o(.text)
    DMA2_Stream1_IRQHandler                  0x08011deb   Thumb Code     0  startup_stm32f4xx.o(.text)
    DMA2_Stream2_IRQHandler                  0x08011deb   Thumb Code     0  startup_stm32f4xx.o(.text)
    DMA2_Stream3_IRQHandler                  0x08011deb   Thumb Code     0  startup_stm32f4xx.o(.text)
    DMA2_Stream4_IRQHandler                  0x08011deb   Thumb Code     0  startup_stm32f4xx.o(.text)
    DMA2_Stream5_IRQHandler                  0x08011deb   Thumb Code     0  startup_stm32f4xx.o(.text)
    DMA2_Stream6_IRQHandler                  0x08011deb   Thumb Code     0  startup_stm32f4xx.o(.text)
    DMA2_Stream7_IRQHandler                  0x08011deb   Thumb Code     0  startup_stm32f4xx.o(.text)
    ETH_IRQHandler                           0x08011deb   Thumb Code     0  startup_stm32f4xx.o(.text)
    ETH_WKUP_IRQHandler                      0x08011deb   Thumb Code     0  startup_stm32f4xx.o(.text)
    EXTI0_IRQHandler                         0x08011deb   Thumb Code     0  startup_stm32f4xx.o(.text)
    EXTI15_10_IRQHandler                     0x08011deb   Thumb Code     0  startup_stm32f4xx.o(.text)
    EXTI1_IRQHandler                         0x08011deb   Thumb Code     0  startup_stm32f4xx.o(.text)
    EXTI2_IRQHandler                         0x08011deb   Thumb Code     0  startup_stm32f4xx.o(.text)
    EXTI3_IRQHandler                         0x08011deb   Thumb Code     0  startup_stm32f4xx.o(.text)
    EXTI4_IRQHandler                         0x08011deb   Thumb Code     0  startup_stm32f4xx.o(.text)
    EXTI9_5_IRQHandler                       0x08011deb   Thumb Code     0  startup_stm32f4xx.o(.text)
    FLASH_IRQHandler                         0x08011deb   Thumb Code     0  startup_stm32f4xx.o(.text)
    FPU_IRQHandler                           0x08011deb   Thumb Code     0  startup_stm32f4xx.o(.text)
    FSMC_IRQHandler                          0x08011deb   Thumb Code     0  startup_stm32f4xx.o(.text)
    HASH_RNG_IRQHandler                      0x08011deb   Thumb Code     0  startup_stm32f4xx.o(.text)
    I2C1_ER_IRQHandler                       0x08011deb   Thumb Code     0  startup_stm32f4xx.o(.text)
    I2C1_EV_IRQHandler                       0x08011deb   Thumb Code     0  startup_stm32f4xx.o(.text)
    I2C2_ER_IRQHandler                       0x08011deb   Thumb Code     0  startup_stm32f4xx.o(.text)
    I2C2_EV_IRQHandler                       0x08011deb   Thumb Code     0  startup_stm32f4xx.o(.text)
    I2C3_ER_IRQHandler                       0x08011deb   Thumb Code     0  startup_stm32f4xx.o(.text)
    I2C3_EV_IRQHandler                       0x08011deb   Thumb Code     0  startup_stm32f4xx.o(.text)
    OTG_FS_WKUP_IRQHandler                   0x08011deb   Thumb Code     0  startup_stm32f4xx.o(.text)
    OTG_HS_EP1_IN_IRQHandler                 0x08011deb   Thumb Code     0  startup_stm32f4xx.o(.text)
    OTG_HS_EP1_OUT_IRQHandler                0x08011deb   Thumb Code     0  startup_stm32f4xx.o(.text)
    OTG_HS_IRQHandler                        0x08011deb   Thumb Code     0  startup_stm32f4xx.o(.text)
    OTG_HS_WKUP_IRQHandler                   0x08011deb   Thumb Code     0  startup_stm32f4xx.o(.text)
    PVD_IRQHandler                           0x08011deb   Thumb Code     0  startup_stm32f4xx.o(.text)
    RCC_IRQHandler                           0x08011deb   Thumb Code     0  startup_stm32f4xx.o(.text)
    RTC_Alarm_IRQHandler                     0x08011deb   Thumb Code     0  startup_stm32f4xx.o(.text)
    RTC_WKUP_IRQHandler                      0x08011deb   Thumb Code     0  startup_stm32f4xx.o(.text)
    SDIO_IRQHandler                          0x08011deb   Thumb Code     0  startup_stm32f4xx.o(.text)
    SPI1_IRQHandler                          0x08011deb   Thumb Code     0  startup_stm32f4xx.o(.text)
    SPI2_IRQHandler                          0x08011deb   Thumb Code     0  startup_stm32f4xx.o(.text)
    SPI3_IRQHandler                          0x08011deb   Thumb Code     0  startup_stm32f4xx.o(.text)
    TAMP_STAMP_IRQHandler                    0x08011deb   Thumb Code     0  startup_stm32f4xx.o(.text)
    TIM1_BRK_TIM9_IRQHandler                 0x08011deb   Thumb Code     0  startup_stm32f4xx.o(.text)
    TIM1_CC_IRQHandler                       0x08011deb   Thumb Code     0  startup_stm32f4xx.o(.text)
    TIM1_TRG_COM_TIM11_IRQHandler            0x08011deb   Thumb Code     0  startup_stm32f4xx.o(.text)
    TIM1_UP_TIM10_IRQHandler                 0x08011deb   Thumb Code     0  startup_stm32f4xx.o(.text)
    TIM2_IRQHandler                          0x08011deb   Thumb Code     0  startup_stm32f4xx.o(.text)
    TIM5_IRQHandler                          0x08011deb   Thumb Code     0  startup_stm32f4xx.o(.text)
    TIM6_DAC_IRQHandler                      0x08011deb   Thumb Code     0  startup_stm32f4xx.o(.text)
    TIM7_IRQHandler                          0x08011deb   Thumb Code     0  startup_stm32f4xx.o(.text)
    TIM8_BRK_TIM12_IRQHandler                0x08011deb   Thumb Code     0  startup_stm32f4xx.o(.text)
    TIM8_CC_IRQHandler                       0x08011deb   Thumb Code     0  startup_stm32f4xx.o(.text)
    TIM8_TRG_COM_TIM14_IRQHandler            0x08011deb   Thumb Code     0  startup_stm32f4xx.o(.text)
    TIM8_UP_TIM13_IRQHandler                 0x08011deb   Thumb Code     0  startup_stm32f4xx.o(.text)
    UART4_IRQHandler                         0x08011deb   Thumb Code     0  startup_stm32f4xx.o(.text)
    USART6_IRQHandler                        0x08011deb   Thumb Code     0  startup_stm32f4xx.o(.text)
    WWDG_IRQHandler                          0x08011deb   Thumb Code     0  startup_stm32f4xx.o(.text)
    usbd_init                                0x08011df5   Thumb Code    22  usbd_core.o(.text)
    usbd_connect                             0x08011e0b   Thumb Code    12  usbd_core.o(.text)
    usbd_reset_core                          0x08011e17   Thumb Code    38  usbd_core.o(.text)
    usbd_configured                          0x08011e3d   Thumb Code    14  usbd_core.o(.text)
    USBD_SetupStage                          0x08011e4b   Thumb Code    12  usbd_core.o(.text)
    USBD_DataInStage                         0x08011e57   Thumb Code    66  usbd_core.o(.text)
    USBD_DataOutStage                        0x08011e99   Thumb Code    34  usbd_core.o(.text)
    USBD_StatusInStage                       0x08011ebb   Thumb Code    14  usbd_core.o(.text)
    USBD_StatusOutStage                      0x08011ec9   Thumb Code    12  usbd_core.o(.text)
    USBD_ReqGetStatus                        0x08011ed5   Thumb Code   160  usbd_core.o(.text)
    USBD_ReqSetClrFeature                    0x08011f75   Thumb Code   216  usbd_core.o(.text)
    USBD_ReqGetDescriptor                    0x0801204d   Thumb Code   496  usbd_core.o(.text)
    USBD_ReqGetConfiguration                 0x0801223d   Thumb Code    28  usbd_core.o(.text)
    USBD_ReqSetConfiguration                 0x08012259   Thumb Code   432  usbd_core.o(.text)
    USBD_ReqGetInterface                     0x08012409   Thumb Code    60  usbd_core.o(.text)
    USBD_ReqSetInterface                     0x08012445   Thumb Code   308  usbd_core.o(.text)
    USBD_EndPoint0                           0x08012579   Thumb Code   682  usbd_core.o(.text)
    USBD_ReqGetDescriptor_HID                0x0801283d   Thumb Code   132  usbd_core_hid.o(.text)
    USBD_EndPoint0_Setup_HID_ReqToIF         0x080128c1   Thumb Code   200  usbd_core_hid.o(.text)
    USBD_EndPoint0_Out_HID_ReqToIF           0x08012989   Thumb Code    44  usbd_core_hid.o(.text)
    usbd_hid_init                            0x080129ed   Thumb Code     2  usbd_hid.o(.text)
    usbd_hid_get_protocol                    0x080129fd   Thumb Code     4  usbd_hid.o(.text)
    usbd_hid_set_protocol                    0x08012a01   Thumb Code     2  usbd_hid.o(.text)
    USBD_HID_GetReport                       0x08012a03   Thumb Code    54  usbd_hid.o(.text)
    USBD_HID_SetReport                       0x08012a39   Thumb Code    58  usbd_hid.o(.text)
    USBD_HID_GetIdle                         0x08012a73   Thumb Code    16  usbd_hid.o(.text)
    USBD_HID_SetIdle                         0x08012a83   Thumb Code    48  usbd_hid.o(.text)
    USBD_HID_GetProtocol                     0x08012ab3   Thumb Code    14  usbd_hid.o(.text)
    USBD_HID_SetProtocol                     0x08012ac1   Thumb Code    14  usbd_hid.o(.text)
    USBD_HID_EP_INTIN_Event                  0x08012acf   Thumb Code   422  usbd_hid.o(.text)
    USBD_HID_EP_INTOUT_Event                 0x08012c75   Thumb Code   148  usbd_hid.o(.text)
    USBD_HID_Configure_Event                 0x08012d09   Thumb Code    48  usbd_hid.o(.text)
    USBD_HID_EP_INT_Event                    0x08012d39   Thumb Code    30  usbd_hid.o(.text)
    USBD_HID_SOF_Event                       0x08012d57   Thumb Code   460  usbd_hid.o(.text)
    usbd_hid_get_report_trigger              0x08012f23   Thumb Code   148  usbd_hid.o(.text)
    disk_status                              0x08012ff1   Thumb Code    24  diskio.o(.text)
    disk_initialize                          0x08013009   Thumb Code    34  diskio.o(.text)
    disk_read                                0x0801302b   Thumb Code    56  diskio.o(.text)
    disk_write                               0x08013063   Thumb Code    56  diskio.o(.text)
    disk_ioctl                               0x0801309b   Thumb Code    60  diskio.o(.text)
    get_fattime                              0x080130d7   Thumb Code     4  diskio.o(.text)
    clust2sect                               0x08013297   Thumb Code    26  ff.o(.text)
    get_fat                                  0x080132b1   Thumb Code   318  ff.o(.text)
    put_fat                                  0x080133ef   Thumb Code   392  ff.o(.text)
    f_mount                                  0x080141f5   Thumb Code    86  ff.o(.text)
    f_open                                   0x0801424b   Thumb Code   356  ff.o(.text)
    f_read                                   0x080143af   Thumb Code   498  ff.o(.text)
    f_write                                  0x080145a1   Thumb Code   540  ff.o(.text)
    f_sync                                   0x080147bd   Thumb Code   176  ff.o(.text)
    f_close                                  0x0801486d   Thumb Code    32  ff.o(.text)
    f_lseek                                  0x0801488d   Thumb Code   726  ff.o(.text)
    f_opendir                                0x08014b63   Thumb Code   110  ff.o(.text)
    f_closedir                               0x08014bd1   Thumb Code    22  ff.o(.text)
    f_readdir                                0x08014be7   Thumb Code    88  ff.o(.text)
    f_stat                                   0x08014c3f   Thumb Code    60  ff.o(.text)
    f_getfree                                0x08014c7b   Thumb Code   258  ff.o(.text)
    f_truncate                               0x08014d7d   Thumb Code   184  ff.o(.text)
    f_unlink                                 0x08014e35   Thumb Code   166  ff.o(.text)
    f_mkdir                                  0x08014edb   Thumb Code   352  ff.o(.text)
    f_chmod                                  0x0801503b   Thumb Code    84  ff.o(.text)
    f_rename                                 0x0801508f   Thumb Code   258  ff.o(.text)
    f_utime                                  0x08015191   Thumb Code    86  ff.o(.text)
    f_mkfs                                   0x080151e7   Thumb Code  1624  ff.o(.text)
    __aeabi_memcpy                           0x0801586d   Thumb Code    36  memcpya.o(.text)
    __aeabi_memcpy4                          0x0801586d   Thumb Code     0  memcpya.o(.text)
    __aeabi_memcpy8                          0x0801586d   Thumb Code     0  memcpya.o(.text)
    __aeabi_memset                           0x08015891   Thumb Code    14  memseta.o(.text)
    __aeabi_memset4                          0x08015891   Thumb Code     0  memseta.o(.text)
    __aeabi_memset8                          0x08015891   Thumb Code     0  memseta.o(.text)
    __aeabi_memclr                           0x0801589f   Thumb Code     4  memseta.o(.text)
    __aeabi_memclr4                          0x0801589f   Thumb Code     0  memseta.o(.text)
    __aeabi_memclr8                          0x0801589f   Thumb Code     0  memseta.o(.text)
    _memset$wrapper                          0x080158a3   Thumb Code    18  memseta.o(.text)
    strlen                                   0x080158b5   Thumb Code    14  strlen.o(.text)
    __aeabi_dadd                             0x080158c3   Thumb Code   322  dadd.o(.text)
    __aeabi_dsub                             0x08015a05   Thumb Code     6  dadd.o(.text)
    __aeabi_drsub                            0x08015a0b   Thumb Code     6  dadd.o(.text)
    __aeabi_dmul                             0x08015a11   Thumb Code   228  dmul.o(.text)
    __aeabi_i2d                              0x08015af5   Thumb Code    34  dflti.o(.text)
    __aeabi_f2d                              0x08015b17   Thumb Code    38  f2d.o(.text)
    __aeabi_cdcmpeq                          0x08015b3d   Thumb Code     0  cdcmple.o(.text)
    __aeabi_cdcmple                          0x08015b3d   Thumb Code    48  cdcmple.o(.text)
    __aeabi_cdrcmple                         0x08015b6d   Thumb Code    48  cdrcmple.o(.text)
    __aeabi_d2f                              0x08015b9d   Thumb Code    56  d2f.o(.text)
    __aeabi_llsl                             0x08015bd5   Thumb Code    30  llshl.o(.text)
    _ll_shift_l                              0x08015bd5   Thumb Code     0  llshl.o(.text)
    __aeabi_lasr                             0x08015bf3   Thumb Code    36  llsshr.o(.text)
    _ll_sshift_r                             0x08015bf3   Thumb Code     0  llsshr.o(.text)
    __I$use$fp                               0x08015c17   Thumb Code     0  iusefp.o(.text)
    _float_round                             0x08015c17   Thumb Code    18  fepilogue.o(.text)
    _float_epilogue                          0x08015c29   Thumb Code    92  fepilogue.o(.text)
    _double_round                            0x08015c85   Thumb Code    30  depilogue.o(.text)
    _double_epilogue                         0x08015ca3   Thumb Code   156  depilogue.o(.text)
    __aeabi_ddiv                             0x08015d3f   Thumb Code   222  ddiv.o(.text)
    __scatterload                            0x08015e1d   Thumb Code    28  init.o(.text)
    __scatterload_rt2                        0x08015e1d   Thumb Code     0  init.o(.text)
    __aeabi_llsr                             0x08015e41   Thumb Code    32  llushr.o(.text)
    _ll_ushift_r                             0x08015e41   Thumb Code     0  llushr.o(.text)
    _dsqrt                                   0x08015e61   Thumb Code   162  dsqrt.o(.text)
    __decompress                             0x08015f03   Thumb Code     0  __dczerorl2.o(.text)
    __decompress1                            0x08015f03   Thumb Code    86  __dczerorl2.o(.text)
    __ARM_fpclassify                         0x08015f59   Thumb Code    48  fpclassify.o(i.__ARM_fpclassify)
    __hardfp_asin                            0x08015f89   Thumb Code   770  asin.o(i.__hardfp_asin)
    __kernel_poly                            0x080162e9   Thumb Code   248  poly.o(i.__kernel_poly)
    __mathlib_dbl_infnan                     0x080163e1   Thumb Code    20  dunder.o(i.__mathlib_dbl_infnan)
    __mathlib_dbl_invalid                    0x080163f9   Thumb Code    24  dunder.o(i.__mathlib_dbl_invalid)
    __mathlib_dbl_underflow                  0x08016419   Thumb Code    24  dunder.o(i.__mathlib_dbl_underflow)
    __scatterload_copy                       0x08016439   Thumb Code    14  handlers.o(i.__scatterload_copy)
    __scatterload_null                       0x08016447   Thumb Code     2  handlers.o(i.__scatterload_null)
    __scatterload_zeroinit                   0x08016449   Thumb Code    14  handlers.o(i.__scatterload_zeroinit)
    __set_errno                              0x08016459   Thumb Code     6  errno.o(i.__set_errno)
    fabs                                     0x08016465   Thumb Code    24  fabs.o(i.fabs)
    sqrt                                     0x0801647d   Thumb Code   110  sqrt.o(i.sqrt)
    usbd_power                               0x080164ec   Data           1  usb_config.o(.constdata)
    usbd_hs_enable                           0x080164ed   Data           1  usb_config.o(.constdata)
    usbd_if_num                              0x080164ee   Data           2  usb_config.o(.constdata)
    usbd_ep_num                              0x080164f0   Data           1  usb_config.o(.constdata)
    usbd_max_packet0                         0x080164f1   Data           1  usb_config.o(.constdata)
    usbd_hid_if_num                          0x080164f2   Data           1  usb_config.o(.constdata)
    usbd_hid_ep_intin                        0x080164f3   Data           1  usb_config.o(.constdata)
    usbd_hid_ep_intout                       0x080164f4   Data           1  usb_config.o(.constdata)
    usbd_hid_interval                        0x080164f6   Data           4  usb_config.o(.constdata)
    usbd_hid_maxpacketsize                   0x080164fa   Data           4  usb_config.o(.constdata)
    usbd_hid_inreport_num                    0x080164fe   Data           1  usb_config.o(.constdata)
    usbd_hid_outreport_num                   0x080164ff   Data           1  usb_config.o(.constdata)
    usbd_hid_inreport_max_sz                 0x08016500   Data           2  usb_config.o(.constdata)
    usbd_hid_outreport_max_sz                0x08016502   Data           2  usb_config.o(.constdata)
    usbd_hid_featreport_max_sz               0x08016504   Data           2  usb_config.o(.constdata)
    USBD_P_Power_Event                       0x08016508   Data           4  usb_config.o(.constdata)
    USBD_P_Reset_Event                       0x0801650c   Data           4  usb_config.o(.constdata)
    USBD_P_Suspend_Event                     0x08016510   Data           4  usb_config.o(.constdata)
    USBD_P_Resume_Event                      0x08016514   Data           4  usb_config.o(.constdata)
    USBD_P_WakeUp_Event                      0x08016518   Data           4  usb_config.o(.constdata)
    USBD_P_SOF_Event                         0x0801651c   Data           4  usb_config.o(.constdata)
    USBD_P_Error_Event                       0x08016520   Data           4  usb_config.o(.constdata)
    USBD_P_EP                                0x08016524   Data          64  usb_config.o(.constdata)
    USBD_P_Configure_Event                   0x08016564   Data           4  usb_config.o(.constdata)
    USBD_P_Interface_Event                   0x08016568   Data           4  usb_config.o(.constdata)
    USBD_P_Feature_Event                     0x0801656c   Data           4  usb_config.o(.constdata)
    __rtx                                    0x08016570   Data           4  usb_config.o(.constdata)
    USBD_HID_ReportDescriptor                0x08016574   Data          33  usb_config.o(.constdata)
    USBD_HID_ReportDescriptorSize            0x08016596   Data           2  usb_config.o(.constdata)
    USBD_HID_DescriptorOffset                0x08016598   Data           2  usb_config.o(.constdata)
    USBD_DeviceDescriptor                    0x0801659a   Data          18  usb_config.o(.constdata)
    USBD_DeviceQualifier                     0x080165ac   Data           1  usb_config.o(.constdata)
    USBD_DeviceQualifier_HS                  0x080165ad   Data           1  usb_config.o(.constdata)
    USBD_ConfigDescriptor                    0x080165ae   Data          42  usb_config.o(.constdata)
    USBD_ConfigDescriptor_HS                 0x080165d8   Data           1  usb_config.o(.constdata)
    USBD_OtherSpeedConfigDescriptor          0x080165d9   Data           1  usb_config.o(.constdata)
    USBD_OtherSpeedConfigDescriptor_HS       0x080165da   Data           1  usb_config.o(.constdata)
    USBD_StringDescriptor                    0x080165dc   Data         128  usb_config.o(.constdata)
    Region$$Table$$Base                      0x080166d8   Number         0  anon$$obj.o(Region$$Table)
    Region$$Table$$Limit                     0x080166f8   Number         0  anon$$obj.o(Region$$Table)
    Init_Finish                              0x20000000   Data           1  main.o(.data)
    loop_cnt                                 0x20000002   Data           2  scheduler.o(.data)
    flash_init_error                         0x20000004   Data           1  parameter.o(.data)
    ParaSavedFlag                            0x20000005   Data           1  parameter.o(.data)
    thr_value                                0x20000008   Data           4  ctrl.o(.data)
    Thr_Low                                  0x2000000c   Data           1  ctrl.o(.data)
    Thr_Weight                               0x20000010   Data           4  ctrl.o(.data)
    Roll                                     0x2000001c   Data           4  imu.o(.data)
    Pitch                                    0x20000020   Data           4  imu.o(.data)
    Yaw                                      0x20000024   Data           4  imu.o(.data)
    ref_q                                    0x20000028   Data          16  imu.o(.data)
    norm_acc                                 0x20000038   Data           4  imu.o(.data)
    norm_q                                   0x2000003c   Data           4  imu.o(.data)
    norm_acc_lpf                             0x20000040   Data           4  imu.o(.data)
    mag_norm                                 0x20000044   Data           4  imu.o(.data)
    mag_norm_xyz                             0x20000048   Data           4  imu.o(.data)
    acc_ng_cali                              0x2000004c   Data           1  imu.o(.data)
    fast_atan_table                          0x20000058   Data        1028  mymath.o(.data)
    checkdata_to_send                        0x2000045c   Data           1  data_transfer.o(.data)
    checksum_to_send                         0x2000045d   Data           1  data_transfer.o(.data)
    location_refresh                         0x2000045e   Data           1  data_transfer.o(.data)
    april_vx                                 0x20000460   Data           2  data_transfer.o(.data)
    april_vy                                 0x20000462   Data           2  data_transfer.o(.data)
    april_x                                  0x20000464   Data           2  data_transfer.o(.data)
    april_y                                  0x20000466   Data           2  data_transfer.o(.data)
    flash_save_en_cnt                        0x20000468   Data           2  data_transfer.o(.data)
    x                                        0x2000046a   Data           2  data_transfer.o(.data)
    y                                        0x2000046c   Data           2  data_transfer.o(.data)
    height_guidance                          0x2000046e   Data           2  data_transfer.o(.data)
    global_mode_NS                           0x20000484   Data           2  rc.o(.data)
    CH_in_Mapping                            0x20000486   Data           8  rc.o(.data)
    rc_lose                                  0x2000048e   Data           1  rc.o(.data)
    NS                                       0x2000048f   Data           1  rc.o(.data)
    CH_Error                                 0x20000490   Data           8  rc.o(.data)
    NS_cnt                                   0x20000498   Data           2  rc.o(.data)
    MAX_CH                                   0x2000049a   Data          16  rc.o(.data)
    MIN_CH                                   0x200004aa   Data          16  rc.o(.data)
    CH_DIR                                   0x200004ba   Data           8  rc.o(.data)
    filter_A                                 0x200004c4   Data           4  rc.o(.data)
    fly_ready                                0x200004c8   Data           1  rc.o(.data)
    thr_stick_low                            0x200004c9   Data           1  rc.o(.data)
    ready_cnt                                0x200004ca   Data           2  rc.o(.data)
    USBD_AltSetting                          0x200004cc   Data           1  usb_config.o(.data)
    USBD_HID_PollingCnt                      0x200004ce   Data           2  usb_config.o(.data)
    USBD_HID_IdleCnt                         0x200004d0   Data           1  usb_config.o(.data)
    USBD_HID_IdleReload                      0x200004d1   Data           1  usb_config.o(.data)
    USBD_HID_IdleSet                         0x200004d2   Data           1  usb_config.o(.data)
    USBD_HID_FeatReport                      0x200004d3   Data           2  usb_config.o(.data)
    HID_SEND_TIMEOUT                         0x200004d5   Data           1  usbd_user_hid.o(.data)
    hid_datatemp_begin                       0x200004d6   Data           1  usbd_user_hid.o(.data)
    hid_datatemp_end                         0x200004d7   Data           1  usbd_user_hid.o(.data)
    set_height_e                             0x200004e8   Data           4  height_ctrl.o(.data)
    set_height_em                            0x200004ec   Data           4  height_ctrl.o(.data)
    set_speed_t                              0x200004f0   Data           4  height_ctrl.o(.data)
    set_speed                                0x200004f4   Data           4  height_ctrl.o(.data)
    exp_speed                                0x200004f8   Data           4  height_ctrl.o(.data)
    fb_speed                                 0x200004fc   Data           4  height_ctrl.o(.data)
    exp_acc                                  0x20000500   Data           4  height_ctrl.o(.data)
    fb_acc                                   0x20000504   Data           4  height_ctrl.o(.data)
    fb_speed_old                             0x20000508   Data           4  height_ctrl.o(.data)
    thr_take_off_f                           0x2000050c   Data           1  height_ctrl.o(.data)
    auto_take_off                            0x2000050d   Data           1  height_ctrl.o(.data)
    auto_land                                0x2000050e   Data           1  height_ctrl.o(.data)
    height_ref                               0x20000510   Data           4  height_ctrl.o(.data)
    thr_set                                  0x20000514   Data           4  height_ctrl.o(.data)
    thr_pid_out                              0x20000518   Data           4  height_ctrl.o(.data)
    thr_out                                  0x2000051c   Data           4  height_ctrl.o(.data)
    thr_take_off                             0x20000520   Data           4  height_ctrl.o(.data)
    tilted_fix                               0x20000524   Data           4  height_ctrl.o(.data)
    en_old                                   0x20000528   Data           4  height_ctrl.o(.data)
    ex_i_en_f                                0x2000052c   Data           1  height_ctrl.o(.data)
    ex_i_en                                  0x2000052d   Data           1  height_ctrl.o(.data)
    exp_height_l                             0x20000530   Data           4  height_ctrl.o(.data)
    sonar_av_cnt                             0x20000540   Data           2  anotc_baro_ctrl.o(.data)
    sonar_f_set                              0x20000544   Data          24  anotc_baro_ctrl.o(.data)
    sysTickUptime                            0x2000055c   Data           4  time.o(.data)
    time_1h                                  0x20000560   Data           4  time.o(.data)
    time_1m                                  0x20000564   Data           4  time.o(.data)
    time_1s                                  0x20000568   Data           4  time.o(.data)
    time_1ms                                 0x2000056c   Data           4  time.o(.data)
    CH_out_Mapping                           0x20000590   Data           4  pwm_out.o(.data)
    I2C_FastMode                             0x20000594   Data           1  i2c_soft.o(.data)
    mpu6050_ok                               0x20000598   Data           1  mpu6050.o(.data)
    acc_sum_cnt                              0x2000059a   Data           2  mpu6050.o(.data)
    gyro_sum_cnt                             0x2000059c   Data           2  mpu6050.o(.data)
    filter_cnt                               0x2000059e   Data           1  mpu6050.o(.data)
    filter_cnt_old                           0x2000059f   Data           1  mpu6050.o(.data)
    test_ang                                 0x200005a0   Data           4  mpu6050.o(.data)
    test_ang_old                             0x200005a4   Data           4  mpu6050.o(.data)
    test_ang_d                               0x200005a8   Data           4  mpu6050.o(.data)
    test_fli_a                               0x200005ac   Data           4  mpu6050.o(.data)
    test_i                                   0x200005b0   Data           4  mpu6050.o(.data)
    ak8975                                   0x200005b4   Data          44  ak8975.o(.data)
    ak8975_ok                                0x200005e0   Data           1  ak8975.o(.data)
    Mag_CALIBRATED                           0x200005e1   Data           1  ak8975.o(.data)
    led_accuracy                             0x20000600   Data           2  led.o(.data)
    LED_Brightness                           0x20000604   Data          16  led.o(.data)
    light                                    0x20000624   Data           3  led.o(.data)
    TxCounter                                0x20000634   Data           1  usart.o(.data)
    count                                    0x20000635   Data           1  usart.o(.data)
    Tx5Counter                               0x20000636   Data           1  usart.o(.data)
    count5                                   0x20000637   Data           1  usart.o(.data)
    TxCounter1                               0x20000638   Data           1  usart.o(.data)
    count1                                   0x20000639   Data           1  usart.o(.data)
    TxCounter3                               0x2000063a   Data           1  usart.o(.data)
    count3                                   0x2000063b   Data           1  usart.o(.data)
    OutMaxPacketSize                         0x2000063c   Data          16  usbd_stm32f4xx_fs.o(.data)
    InPacketDataPtr                          0x2000064c   Data          16  usbd_stm32f4xx_fs.o(.data)
    InPacketDataReady                        0x2000065c   Data           4  usbd_stm32f4xx_fs.o(.data)
    SyncWriteEP                              0x20000660   Data           4  usbd_stm32f4xx_fs.o(.data)
    IsoOutTokenRead                          0x20000664   Data           4  usbd_stm32f4xx_fs.o(.data)
    ultra_start_f                            0x2000066c   Data           1  ultrasonic.o(.data)
    ultra_distance_old                       0x2000066e   Data           2  ultrasonic.o(.data)
    SystemCoreClock                          0x20000684   Data           4  system_stm32f4xx.o(.data)
    AHBPrescTable                            0x20000688   Data          16  system_stm32f4xx.o(.data)
    USBD_DeviceStatus                        0x20000698   Data           2  usbd_core.o(.data)
    USBD_DeviceAddress                       0x2000069a   Data           1  usbd_core.o(.data)
    USBD_Configuration                       0x2000069b   Data           1  usbd_core.o(.data)
    USBD_EndPointMask                        0x2000069c   Data           4  usbd_core.o(.data)
    USBD_EndPointHalt                        0x200006a0   Data           4  usbd_core.o(.data)
    USBD_EndPointStall                       0x200006a4   Data           4  usbd_core.o(.data)
    USBD_NumInterfaces                       0x200006a8   Data           1  usbd_core.o(.data)
    USBD_HighSpeed                           0x200006a9   Data           1  usbd_core.o(.data)
    USBD_ZLP                                 0x200006aa   Data           1  usbd_core.o(.data)
    USBD_EP0Data                             0x200006ac   Data           8  usbd_core.o(.data)
    USBD_SetupPacket                         0x200006b4   Data           8  usbd_core.o(.data)
    USBD_HID_Protocol                        0x200006bc   Data           1  usbd_hid.o(.data)
    DataOutAsyncReq                          0x200006c0   Data           4  usbd_hid.o(.data)
    DataOutUpdateReqMask                     0x200006c4   Data           4  usbd_hid.o(.data)
    ptrDataOut                               0x200006c8   Data           4  usbd_hid.o(.data)
    DataOutToSendLen                         0x200006cc   Data           2  usbd_hid.o(.data)
    DataOutSentLen                           0x200006ce   Data           2  usbd_hid.o(.data)
    DataOutEndWithShortPacket                0x200006d0   Data           4  usbd_hid.o(.data)
    ptrDataIn                                0x200006d4   Data           4  usbd_hid.o(.data)
    DataInReceLen                            0x200006d8   Data           2  usbd_hid.o(.data)
    ptrDataFeat                              0x200006dc   Data           4  usbd_hid.o(.data)
    DataFeatReceLen                          0x200006e0   Data           2  usbd_hid.o(.data)
    loop                                     0x200006f8   Data          16  scheduler.o(.bss)
    sensor_setup                             0x20000708   Data          64  parameter.o(.bss)
    pid_setup                                0x20000748   Data         192  parameter.o(.bss)
    ctrl_1                                   0x2000287c   Data         196  ctrl.o(.bss)
    ctrl_2                                   0x20002940   Data         196  ctrl.o(.bss)
    except_A                                 0x20002a04   Data          12  ctrl.o(.bss)
    ctrl_angle_offset                        0x20002a10   Data          12  ctrl.o(.bss)
    compensation                             0x20002a1c   Data          12  ctrl.o(.bss)
    except_AS                                0x20002a28   Data          12  ctrl.o(.bss)
    g_old                                    0x20002a34   Data          28  ctrl.o(.bss)
    motor                                    0x20002a50   Data          16  ctrl.o(.bss)
    posture_value                            0x20002a60   Data          16  ctrl.o(.bss)
    curve                                    0x20002a70   Data          16  ctrl.o(.bss)
    reference_v                              0x20002a80   Data          12  imu.o(.bss)
    ref                                      0x20002a8c   Data          60  imu.o(.bss)
    mag_sim_3d                               0x20002ac8   Data          12  imu.o(.bss)
    acc_3d_hg                                0x20002ad4   Data          12  imu.o(.bss)
    acc_ng                                   0x20002ae0   Data          12  imu.o(.bss)
    acc_ng_offset                            0x20002aec   Data          12  imu.o(.bss)
    f                                        0x20002b04   Data          20  data_transfer.o(.bss)
    data_to_send                             0x20002b18   Data          50  data_transfer.o(.bss)
    RX_CH                                    0x20002b4a   Data          16  data_transfer.o(.bss)
    CH                                       0x20002bf0   Data          16  rc.o(.bss)
    CH_Old                                   0x20002c00   Data          32  rc.o(.bss)
    CH_filter                                0x20002c20   Data          32  rc.o(.bss)
    CH_filter_Old                            0x20002c40   Data          32  rc.o(.bss)
    CH_filter_D                              0x20002c60   Data          32  rc.o(.bss)
    CLR_CH_Error                             0x20002c80   Data          16  rc.o(.bss)
    USBD_EP0Buf                              0x20002ca0   Data          64  usb_config.o(.bss)
    USBD_HID_InReport                        0x20002ce0   Data          65  usb_config.o(.bss)
    USBD_HID_OutReport                       0x20002d21   Data          65  usb_config.o(.bss)
    stk_usb_msc_task                         0x20002d68   Data         600  usb_config.o(.bss)
    hid_datatemp                             0x20002fc0   Data         256  usbd_user_hid.o(.bss)
    hid_data2send                            0x200030c0   Data          64  usbd_user_hid.o(.bss)
    string_auth                              0x20003100   Data          29  version.o(.bss)
    string_auth_descriptor                   0x2000311d   Data          52  version.o(.bss)
    hc_value                                 0x20003154   Data          24  height_ctrl.o(.bss)
    h_acc_arg                                0x2000316c   Data          28  height_ctrl.o(.bss)
    h_speed_arg                              0x20003188   Data          28  height_ctrl.o(.bss)
    h_height_arg                             0x200031a4   Data          28  height_ctrl.o(.bss)
    h_acc_val                                0x200031c0   Data          36  height_ctrl.o(.bss)
    h_speed_val                              0x200031e4   Data          36  height_ctrl.o(.bss)
    h_height_val                             0x20003208   Data          36  height_ctrl.o(.bss)
    sonar_av_arr                             0x2000322c   Data         200  anotc_baro_ctrl.o(.bss)
    sonar                                    0x200032f4   Data          24  anotc_baro_ctrl.o(.bss)
    sonar_fusion                             0x2000330c   Data          68  anotc_baro_ctrl.o(.bss)
    Cycle_T                                  0x20003350   Data          60  time.o(.bss)
    Rc_Pwm_In                                0x2000338c   Data          16  pwm_in.o(.bss)
    mpu6050                                  0x2000339c   Data         128  mpu6050.o(.bss)
    mpu6050_buffer                           0x2000341c   Data          14  mpu6050.o(.bss)
    sum_temp                                 0x2000342c   Data          28  mpu6050.o(.bss)
    FILT_BUF                                 0x20003448   Data         154  mpu6050.o(.bss)
    mpu6050_tmp                              0x200034e4   Data          28  mpu6050.o(.bss)
    mpu_fil_tmp                              0x20003500   Data          28  mpu6050.o(.bss)
    TxBuffer                                 0x20003528   Data         256  usart.o(.bss)
    Rx_Buf                                   0x20003628   Data         256  usart.o(.bss)
    Tx5Buffer                                0x20003728   Data         256  usart.o(.bss)
    TxBuffer1                                0x20003828   Data         256  usart.o(.bss)
    Rx_Buf1                                  0x20003928   Data         256  usart.o(.bss)
    TxBuffer3                                0x20003a28   Data         256  usart.o(.bss)
    Rx_Buf3                                  0x20003b28   Data         256  usart.o(.bss)
    HID_IntInPacketData                      0x20003c28   Data          64  usbd_stm32f4xx_fs.o(.bss)
    IsoOutPacketDataPtr                      0x20003c68   Data          16  usbd_stm32f4xx_fs.o(.bss)
    InPacketDataCnt                          0x20003c78   Data          16  usbd_stm32f4xx_fs.o(.bss)
    IsoOutPacketDataCnt                      0x20003c88   Data          16  usbd_stm32f4xx_fs.o(.bss)
    ultra                                    0x20003ca4   Data          20  ultrasonic.o(.bss)
    __initial_sp                             0x200044b8   Data           0  startup_stm32f4xx.o(STACK)



==============================================================================

Memory Map of the image

  Image Entry point : 0x08000189

  Load Region LR_IROM1 (Base: 0x08000000, Size: 0x00016df0, Max: 0x00080000, ABSOLUTE, COMPRESSED[0x00016b80])

    Execution Region ER_IROM1 (Base: 0x08000000, Size: 0x000166f8, Max: 0x00080000, ABSOLUTE)

    Base Addr    Size         Type   Attr      Idx    E Section Name        Object

    0x08000000   0x00000188   Data   RO         1278    RESET               startup_stm32f4xx.o
    0x08000188   0x00000000   Code   RO         1417  * .ARM.Collect$$$$00000000  mc_w.l(entry.o)
    0x08000188   0x00000004   Code   RO         1478    .ARM.Collect$$$$00000001  mc_w.l(entry2.o)
    0x0800018c   0x00000004   Code   RO         1481    .ARM.Collect$$$$00000004  mc_w.l(entry5.o)
    0x08000190   0x00000000   Code   RO         1483    .ARM.Collect$$$$00000008  mc_w.l(entry7b.o)
    0x08000190   0x00000000   Code   RO         1485    .ARM.Collect$$$$0000000A  mc_w.l(entry8b.o)
    0x08000190   0x00000008   Code   RO         1486    .ARM.Collect$$$$0000000B  mc_w.l(entry9a.o)
    0x08000198   0x00000000   Code   RO         1488    .ARM.Collect$$$$0000000D  mc_w.l(entry10a.o)
    0x08000198   0x00000000   Code   RO         1490    .ARM.Collect$$$$0000000F  mc_w.l(entry11a.o)
    0x08000198   0x00000004   Code   RO         1479    .ARM.Collect$$$$00002712  mc_w.l(entry2.o)
    0x0800019c   0x00000018   Code   RO            2    .text               main.o
    0x080001b4   0x00000050   Code   RO          131    .text               stm32f4xx_it.o
    0x08000204   0x000001e0   Code   RO          151    .text               scheduler.o
    0x080003e4   0x00000070   Code   RO          224    .text               init.o
    0x08000454   0x000005fc   Code   RO          240    .text               parameter.o
    0x08000a50   0x0000113c   Code   RO          295    .text               ctrl.o
    0x08001b8c   0x00000a38   Code   RO          318    .text               imu.o
    0x080025c4   0x00000720   Code   RO          348    .text               mymath.o
    0x08002ce4   0x000020c0   Code   RO          367    .text               data_transfer.o
    0x08004da4   0x000006cc   Code   RO          412    .text               rc.o
    0x08005470   0x00000052   Code   RO          439    .text               usb_config.o
    0x080054c2   0x00000002   PAD
    0x080054c4   0x0000024c   Code   RO          514    .text               usbd_user_hid.o
    0x08005710   0x00000020   Code   RO          540    .text               version.o
    0x08005730   0x00000404   Code   RO          563    .text               filter.o
    0x08005b34   0x00000a58   Code   RO          580    .text               height_ctrl.o
    0x0800658c   0x00000348   Code   RO          636    .text               anotc_baro_ctrl.o
    0x080068d4   0x00000254   Code   RO          659    .text               pid.o
    0x08006b28   0x00000280   Code   RO          675    .text               time.o
    0x08006da8   0x000006c8   Code   RO          710    .text               pwm_in.o
    0x08007470   0x00000380   Code   RO          737    .text               pwm_out.o
    0x080077f0   0x000003a8   Code   RO          762    .text               i2c_soft.o
    0x08007b98   0x000009bc   Code   RO          788    .text               mpu6050.o
    0x08008554   0x00000464   Code   RO          816    .text               ak8975.o
    0x080089b8   0x000004d4   Code   RO          839    .text               led.o
    0x08008e8c   0x00000694   Code   RO          900    .text               usart.o
    0x08009520   0x000012b8   Code   RO          935    .text               usbd_stm32f4xx_fs.o
    0x0800a7d8   0x00000444   Code   RO          962    .text               drv_w25qxx.o
    0x0800ac1c   0x00000108   Code   RO          987    .text               ultrasonic.o
    0x0800ad24   0x00000174   Code   RO         1010    .text               bsp_flash.o
    0x0800ae98   0x000001ec   Code   RO         1029    .text               misc.o
    0x0800b084   0x00000798   Code   RO         1109    .text               stm32f4xx_flash.o
    0x0800b81c   0x00000916   Code   RO         1125    .text               stm32f4xx_gpio.o
    0x0800c132   0x00000002   PAD
    0x0800c134   0x00000d7c   Code   RO         1173    .text               stm32f4xx_rcc.o
    0x0800ceb0   0x00000bc8   Code   RO         1191    .text               stm32f4xx_spi.o
    0x0800da78   0x00003294   Code   RO         1223    .text               stm32f4xx_tim.o
    0x08010d0c   0x00000eb4   Code   RO         1239    .text               stm32f4xx_usart.o
    0x08011bc0   0x00000210   Code   RO         1255    .text               system_stm32f4xx.o
    0x08011dd0   0x00000024   Code   RO         1279    .text               startup_stm32f4xx.o
    0x08011df4   0x00000a48   Code   RO         1284    .text               usbd_core.o
    0x0801283c   0x000001b0   Code   RO         1328    .text               usbd_core_hid.o
    0x080129ec   0x00000604   Code   RO         1340    .text               usbd_hid.o
    0x08012ff0   0x000000f0   Code   RO         1356    .text               diskio.o
    0x080130e0   0x0000278c   Code   RO         1382    .text               ff.o
    0x0801586c   0x00000024   Code   RO         1420    .text               mc_w.l(memcpya.o)
    0x08015890   0x00000024   Code   RO         1422    .text               mc_w.l(memseta.o)
    0x080158b4   0x0000000e   Code   RO         1424    .text               mc_w.l(strlen.o)
    0x080158c2   0x0000014e   Code   RO         1428    .text               mf_w.l(dadd.o)
    0x08015a10   0x000000e4   Code   RO         1430    .text               mf_w.l(dmul.o)
    0x08015af4   0x00000022   Code   RO         1432    .text               mf_w.l(dflti.o)
    0x08015b16   0x00000026   Code   RO         1434    .text               mf_w.l(f2d.o)
    0x08015b3c   0x00000030   Code   RO         1436    .text               mf_w.l(cdcmple.o)
    0x08015b6c   0x00000030   Code   RO         1438    .text               mf_w.l(cdrcmple.o)
    0x08015b9c   0x00000038   Code   RO         1440    .text               mf_w.l(d2f.o)
    0x08015bd4   0x0000001e   Code   RO         1492    .text               mc_w.l(llshl.o)
    0x08015bf2   0x00000024   Code   RO         1494    .text               mc_w.l(llsshr.o)
    0x08015c16   0x00000000   Code   RO         1503    .text               mc_w.l(iusefp.o)
    0x08015c16   0x0000006e   Code   RO         1504    .text               mf_w.l(fepilogue.o)
    0x08015c84   0x000000ba   Code   RO         1506    .text               mf_w.l(depilogue.o)
    0x08015d3e   0x000000de   Code   RO         1508    .text               mf_w.l(ddiv.o)
    0x08015e1c   0x00000024   Code   RO         1512    .text               mc_w.l(init.o)
    0x08015e40   0x00000020   Code   RO         1514    .text               mc_w.l(llushr.o)
    0x08015e60   0x000000a2   Code   RO         1516    .text               mf_w.l(dsqrt.o)
    0x08015f02   0x00000056   Code   RO         1526    .text               mc_w.l(__dczerorl2.o)
    0x08015f58   0x00000030   Code   RO         1462    i.__ARM_fpclassify  m_wm.l(fpclassify.o)
    0x08015f88   0x00000360   Code   RO         1403    i.__hardfp_asin     m_wm.l(asin.o)
    0x080162e8   0x000000f8   Code   RO         1464    i.__kernel_poly     m_wm.l(poly.o)
    0x080163e0   0x00000014   Code   RO         1443    i.__mathlib_dbl_infnan  m_wm.l(dunder.o)
    0x080163f4   0x00000004   PAD
    0x080163f8   0x00000020   Code   RO         1445    i.__mathlib_dbl_invalid  m_wm.l(dunder.o)
    0x08016418   0x00000020   Code   RO         1448    i.__mathlib_dbl_underflow  m_wm.l(dunder.o)
    0x08016438   0x0000000e   Code   RO         1520    i.__scatterload_copy  mc_w.l(handlers.o)
    0x08016446   0x00000002   Code   RO         1521    i.__scatterload_null  mc_w.l(handlers.o)
    0x08016448   0x0000000e   Code   RO         1522    i.__scatterload_zeroinit  mc_w.l(handlers.o)
    0x08016456   0x00000002   PAD
    0x08016458   0x0000000c   Code   RO         1498    i.__set_errno       mc_w.l(errno.o)
    0x08016464   0x00000018   Code   RO         1458    i.fabs              m_wm.l(fabs.o)
    0x0801647c   0x0000006e   Code   RO         1468    i.sqrt              m_wm.l(sqrt.o)
    0x080164ea   0x00000002   PAD
    0x080164ec   0x00000170   Data   RO          441    .constdata          usb_config.o
    0x0801665c   0x0000002c   Data   RO         1383    .constdata          ff.o
    0x08016688   0x00000050   Data   RO         1406    .constdata          m_wm.l(asin.o)
    0x080166d8   0x00000020   Data   RO         1518    Region$$Table       anon$$obj.o


    Execution Region RW_IRAM1 (Base: 0x20000000, Size: 0x000044b8, Max: 0x00020000, ABSOLUTE, COMPRESSED[0x00000488])

    Base Addr    Size         Type   Attr      Idx    E Section Name        Object

    0x20000000   0x00000001   Data   RW            3    .data               main.o
    0x20000001   0x00000001   PAD
    0x20000002   0x00000002   Data   RW          153    .data               scheduler.o
    0x20000004   0x00000002   Data   RW          242    .data               parameter.o
    0x20000006   0x00000002   PAD
    0x20000008   0x00000014   Data   RW          297    .data               ctrl.o
    0x2000001c   0x0000003c   Data   RW          320    .data               imu.o
    0x20000058   0x00000404   Data   RW          349    .data               mymath.o
    0x2000045c   0x00000027   Data   RW          369    .data               data_transfer.o
    0x20000483   0x00000001   PAD
    0x20000484   0x00000048   Data   RW          414    .data               rc.o
    0x200004cc   0x00000009   Data   RW          442    .data               usb_config.o
    0x200004d5   0x00000004   Data   RW          516    .data               usbd_user_hid.o
    0x200004d9   0x00000003   PAD
    0x200004dc   0x0000000c   Data   RW          564    .data               filter.o
    0x200004e8   0x00000058   Data   RW          582    .data               height_ctrl.o
    0x20000540   0x0000001c   Data   RW          638    .data               anotc_baro_ctrl.o
    0x2000055c   0x00000014   Data   RW          677    .data               time.o
    0x20000570   0x00000020   Data   RW          712    .data               pwm_in.o
    0x20000590   0x00000004   Data   RW          738    .data               pwm_out.o
    0x20000594   0x00000001   Data   RW          763    .data               i2c_soft.o
    0x20000595   0x00000003   PAD
    0x20000598   0x0000001c   Data   RW          790    .data               mpu6050.o
    0x200005b4   0x0000004a   Data   RW          818    .data               ak8975.o
    0x200005fe   0x00000002   PAD
    0x20000600   0x00000034   Data   RW          840    .data               led.o
    0x20000634   0x00000008   Data   RW          902    .data               usart.o
    0x2000063c   0x00000030   Data   RW          937    .data               usbd_stm32f4xx_fs.o
    0x2000066c   0x00000005   Data   RW          989    .data               ultrasonic.o
    0x20000671   0x00000010   Data   RW         1174    .data               stm32f4xx_rcc.o
    0x20000681   0x00000003   PAD
    0x20000684   0x00000014   Data   RW         1256    .data               system_stm32f4xx.o
    0x20000698   0x00000024   Data   RW         1285    .data               usbd_core.o
    0x200006bc   0x00000027   Data   RW         1341    .data               usbd_hid.o
    0x200006e3   0x00000001   PAD
    0x200006e4   0x00000004   Data   RW         1357    .data               diskio.o
    0x200006e8   0x0000000a   Data   RW         1384    .data               ff.o
    0x200006f2   0x00000002   PAD
    0x200006f4   0x00000004   Data   RW         1499    .data               mc_w.l(errno.o)
    0x200006f8   0x00000010   Zero   RW          152    .bss                scheduler.o
    0x20000708   0x00002174   Zero   RW          241    .bss                parameter.o
    0x2000287c   0x00000204   Zero   RW          296    .bss                ctrl.o
    0x20002a80   0x00000084   Zero   RW          319    .bss                imu.o
    0x20002b04   0x000000ec   Zero   RW          368    .bss                data_transfer.o
    0x20002bf0   0x000000b0   Zero   RW          413    .bss                rc.o
    0x20002ca0   0x00000320   Zero   RW          440    .bss                usb_config.o
    0x20002fc0   0x00000140   Zero   RW          515    .bss                usbd_user_hid.o
    0x20003100   0x00000051   Zero   RW          541    .bss                version.o
    0x20003151   0x00000003   PAD
    0x20003154   0x000000d8   Zero   RW          581    .bss                height_ctrl.o
    0x2000322c   0x00000124   Zero   RW          637    .bss                anotc_baro_ctrl.o
    0x20003350   0x0000003c   Zero   RW          676    .bss                time.o
    0x2000338c   0x00000010   Zero   RW          711    .bss                pwm_in.o
    0x2000339c   0x00000180   Zero   RW          789    .bss                mpu6050.o
    0x2000351c   0x0000000c   Zero   RW          817    .bss                ak8975.o
    0x20003528   0x00000700   Zero   RW          901    .bss                usart.o
    0x20003c28   0x00000070   Zero   RW          936    .bss                usbd_stm32f4xx_fs.o
    0x20003c98   0x0000000c   Zero   RW          963    .bss                drv_w25qxx.o
    0x20003ca4   0x00000014   Zero   RW          988    .bss                ultrasonic.o
    0x20003cb8   0x00000800   Zero   RW         1276    STACK               startup_stm32f4xx.o


==============================================================================

Image component sizes


      Code (inc. data)   RO Data    RW Data    ZI Data      Debug   Object Name

      1124         36          0         74         12       3112   ak8975.o
       840         64          0         28        292       3529   anotc_baro_ctrl.o
       372         48          0          0          0       2306   bsp_flash.o
      4412        256          0         20        516       4559   ctrl.o
      8384        344          0         39        236      14051   data_transfer.o
       240          6          0          4          0       4774   diskio.o
      1092         20          0          0         12       5701   drv_w25qxx.o
     10124        112         44         10          0      28214   ff.o
      1028         24          0         12          0       2714   filter.o
      2648        320          0         88        216       4422   height_ctrl.o
       936         10          0          1          0       4482   i2c_soft.o
      2616        158          0         60        132       3916   imu.o
       112          4          0          0          0        776   init.o
      1236         52          0         52          0       4984   led.o
        24          4          0          1          0     284139   main.o
       492         74          0          0          0       2169   misc.o
      2492        126          0         28        384      16691   mpu6050.o
      1824        134          0       1028          0       5831   mymath.o
      1532        148          0          2       8564       8044   parameter.o
       596          8          0          0          0       1763   pid.o
      1736        108          0         32         16       2640   pwm_in.o
       896         38          0          4          0       2582   pwm_out.o
      1740        148          0         72        176       3522   rc.o
       480         36          0          2         16       2825   scheduler.o
        36          8        392          0       2048        948   startup_stm32f4xx.o
      1944        110          0          0          0       7693   stm32f4xx_flash.o
      2326        132          0          0          0       5345   stm32f4xx_gpio.o
        80          4          0          0          0       1842   stm32f4xx_it.o
      3452        262          0         16          0      13107   stm32f4xx_rcc.o
      3016        118          0          0          0       8265   stm32f4xx_spi.o
     12948        670          0          0          0      29376   stm32f4xx_tim.o
      3764        164          0          0          0       9720   stm32f4xx_usart.o
       528         46          0         20          0       2171   system_stm32f4xx.o
       640         38          0         20         60      22613   time.o
       264         24          0          5         20       1344   ultrasonic.o
      1684         90          0          8       1792       6069   usart.o
        82          0        368          9        800      28046   usb_config.o
      2632        202          0         36          0       8172   usbd_core.o
       432         68          0          0          0       1820   usbd_core_hid.o
      1540        184          0         39          0       6075   usbd_hid.o
      4792        220          0         48        112      27421   usbd_stm32f4xx_fs.o
       588         24          0          4        320       3206   usbd_user_hid.o
        32         10          0          0         81       1708   version.o

    ----------------------------------------------------------------------
     87760       4652        836       1780      15808     602687   Object Totals
         0          0         32          0          0          0   (incl. Generated)
         4          0          0         18          3          0   (incl. Padding)

    ----------------------------------------------------------------------

      Code (inc. data)   RO Data    RW Data    ZI Data      Debug   Library Member Name

       864         94         80          0          0        280   asin.o
        84         16          0          0          0        372   dunder.o
        24          0          0          0          0        124   fabs.o
        48          0          0          0          0        124   fpclassify.o
       248          0          0          0          0        152   poly.o
       110          0          0          0          0        148   sqrt.o
        86          0          0          0          0          0   __dczerorl2.o
         0          0          0          0          0          0   entry.o
         0          0          0          0          0          0   entry10a.o
         0          0          0          0          0          0   entry11a.o
         8          4          0          0          0          0   entry2.o
         4          0          0          0          0          0   entry5.o
         0          0          0          0          0          0   entry7b.o
         0          0          0          0          0          0   entry8b.o
         8          4          0          0          0          0   entry9a.o
        12          6          0          4          0         68   errno.o
        30          0          0          0          0          0   handlers.o
        36          8          0          0          0         68   init.o
         0          0          0          0          0          0   iusefp.o
        30          0          0          0          0         68   llshl.o
        36          0          0          0          0         68   llsshr.o
        32          0          0          0          0         68   llushr.o
        36          0          0          0          0         68   memcpya.o
        36          0          0          0          0        108   memseta.o
        14          0          0          0          0         68   strlen.o
        48          0          0          0          0         68   cdcmple.o
        48          0          0          0          0         68   cdrcmple.o
        56          0          0          0          0         88   d2f.o
       334          0          0          0          0        148   dadd.o
       222          0          0          0          0        100   ddiv.o
       186          0          0          0          0        176   depilogue.o
        34          0          0          0          0         76   dflti.o
       228          0          0          0          0         96   dmul.o
       162          0          0          0          0        100   dsqrt.o
        38          0          0          0          0         68   f2d.o
       110          0          0          0          0        168   fepilogue.o

    ----------------------------------------------------------------------
      3220        132         80          4          0       2940   Library Totals
         8          0          0          0          0          0   (incl. Padding)

    ----------------------------------------------------------------------

      Code (inc. data)   RO Data    RW Data    ZI Data      Debug   Library Name

      1378        110         80          0          0       1200   m_wm.l
       368         22          0          4          0        584   mc_w.l
      1466          0          0          0          0       1156   mf_w.l

    ----------------------------------------------------------------------
      3220        132         80          4          0       2940   Library Totals

    ----------------------------------------------------------------------

==============================================================================


      Code (inc. data)   RO Data    RW Data    ZI Data      Debug   

     90980       4784        916       1784      15808     596579   Grand Totals
     90980       4784        916       1160      15808     596579   ELF Image Totals (compressed)
     90980       4784        916       1160          0          0   ROM Totals

==============================================================================

    Total RO  Size (Code + RO Data)                91896 (  89.74kB)
    Total RW  Size (RW Data + ZI Data)             17592 (  17.18kB)
    Total ROM Size (Code + RO Data + RW Data)      93056 (  90.88kB)

==============================================================================

